---
source: crates/crochet_parser/src/lib.rs
expression: "parse(\"let x = [1, 2, 3]\")"
---
Program {
    body: [
        VarDecl {
            span: 0..17,
            pattern: Ident(
                BindingIdent {
                    span: 4..5,
                    id: Ident {
                        span: 4..5,
                        name: "x",
                    },
                    type_ann: None,
                },
            ),
            init: Some(
                Tuple(
                    Tuple {
                        span: 8..17,
                        elems: [
                            Expr(
                                Lit(
                                    Num(
                                        Num {
                                            span: 9..10,
                                            value: "1",
                                        },
                                    ),
                                ),
                            ),
                            Expr(
                                Lit(
                                    Num(
                                        Num {
                                            span: 12..13,
                                            value: "2",
                                        },
                                    ),
                                ),
                            ),
                            Expr(
                                Lit(
                                    Num(
                                        Num {
                                            span: 15..16,
                                            value: "3",
                                        },
                                    ),
                                ),
                            ),
                        ],
                    },
                ),
            ),
            declare: false,
        },
    ],
}
