---
source: src/parser/mod.rs
expression: "parse(\"a.b.c\")"
---
Program {
    body: [
        Expr {
            span: 0..5,
            expr: Member(
                Member {
                    span: 0..5,
                    obj: Member(
                        Member {
                            span: 0..3,
                            obj: Ident(
                                Ident {
                                    span: 0..1,
                                    name: "a",
                                },
                            ),
                            prop: Ident(
                                Ident {
                                    span: 1..3,
                                    name: "b",
                                },
                            ),
                        },
                    ),
                    prop: Ident(
                        Ident {
                            span: 3..5,
                            name: "c",
                        },
                    ),
                },
            ),
        },
    ],
}
