---
source: crates/crochet_parser/src/lib.rs
expression: "parse(\"`a \\\\u{2212} b`\")"
---
Program {
    body: [
        Expr {
            span: 0..14,
            expr: TemplateLiteral(
                TemplateLiteral {
                    span: 0..14,
                    exprs: [],
                    quasis: [
                        TemplateElem {
                            span: 1..14,
                            raw: Str(
                                Str {
                                    span: 1..14,
                                    value: "a \\u{2212} b",
                                },
                            ),
                            cooked: Str(
                                Str {
                                    span: 1..14,
                                    value: "a âˆ’ b",
                                },
                            ),
                        },
                    ],
                },
            ),
        },
    ],
}
