---
source: crates/crochet_parser/src/lib.rs
expression: "parse(\"let x = [1, [a, b]]\")"
---
Program {
    body: [
        VarDecl {
            span: 0..19,
            pattern: Ident(
                BindingIdent {
                    span: 4..5,
                    id: Ident {
                        span: 4..5,
                        name: "x",
                    },
                    type_ann: None,
                },
            ),
            init: Some(
                Tuple(
                    Tuple {
                        span: 8..19,
                        elems: [
                            Expr(
                                Lit(
                                    Num(
                                        Num {
                                            span: 9..10,
                                            value: "1",
                                        },
                                    ),
                                ),
                            ),
                            Expr(
                                Tuple(
                                    Tuple {
                                        span: 12..18,
                                        elems: [
                                            Expr(
                                                Ident(
                                                    Ident {
                                                        span: 13..14,
                                                        name: "a",
                                                    },
                                                ),
                                            ),
                                            Expr(
                                                Ident(
                                                    Ident {
                                                        span: 16..17,
                                                        name: "b",
                                                    },
                                                ),
                                            ),
                                        ],
                                    },
                                ),
                            ),
                        ],
                    },
                ),
            ),
            declare: false,
        },
    ],
}
