---
source: crates/crochet_parser/src/lib.rs
expression: "parse(\"`foo ${`bar ${baz}`}`\")"
---
Program {
    body: [
        Expr {
            span: 0..21,
            expr: TemplateLiteral(
                TemplateLiteral {
                    span: 0..21,
                    exprs: [
                        TemplateLiteral(
                            TemplateLiteral {
                                span: 7..19,
                                exprs: [
                                    Ident(
                                        Ident {
                                            span: 14..17,
                                            name: "baz",
                                        },
                                    ),
                                ],
                                quasis: [
                                    TemplateElem {
                                        span: 8..14,
                                        raw: Str(
                                            Str {
                                                span: 8..14,
                                                value: "bar ",
                                            },
                                        ),
                                        cooked: Str(
                                            Str {
                                                span: 8..14,
                                                value: "bar ",
                                            },
                                        ),
                                    },
                                    TemplateElem {
                                        span: 18..19,
                                        raw: Str(
                                            Str {
                                                span: 18..19,
                                                value: "",
                                            },
                                        ),
                                        cooked: Str(
                                            Str {
                                                span: 18..19,
                                                value: "",
                                            },
                                        ),
                                    },
                                ],
                            },
                        ),
                    ],
                    quasis: [
                        TemplateElem {
                            span: 1..7,
                            raw: Str(
                                Str {
                                    span: 1..7,
                                    value: "foo ",
                                },
                            ),
                            cooked: Str(
                                Str {
                                    span: 1..7,
                                    value: "foo ",
                                },
                            ),
                        },
                        TemplateElem {
                            span: 20..21,
                            raw: Str(
                                Str {
                                    span: 20..21,
                                    value: "",
                                },
                            ),
                            cooked: Str(
                                Str {
                                    span: 20..21,
                                    value: "",
                                },
                            ),
                        },
                    ],
                },
            ),
        },
    ],
}
