---
source: src/parser/mod.rs
expression: "parse(\"type Point = {x: number, y: number}\")"
---
Program {
    body: [
        TypeDecl {
            span: 0..35,
            declare: false,
            id: Ident {
                span: 5..10,
                name: "Point",
            },
            type_ann: Object(
                ObjectType {
                    span: 13..35,
                    props: [
                        TProp {
                            span: 14..23,
                            name: "x",
                            type_ann: Prim(
                                PrimType {
                                    span: 17..23,
                                    prim: Num,
                                },
                            ),
                        },
                        TProp {
                            span: 25..34,
                            name: "y",
                            type_ann: Prim(
                                PrimType {
                                    span: 28..34,
                                    prim: Num,
                                },
                            ),
                        },
                    ],
                },
            ),
        },
    ],
}
