---
source: src/parser/mod.rs
expression: "parse(\"declare let get_bar: <T>(foo: Foo<T>) => T\")"
---
Program {
    body: [
        VarDecl {
            span: 0..21,
            pattern: Ident(
                BindingIdent {
                    span: 12..21,
                    id: Ident {
                        span: 12..19,
                        name: "get_bar",
                    },
                    type_ann: Some(
                        Intersection(
                            IntersectionType {
                                span: 21..21,
                                types: [],
                            },
                        ),
                    ),
                },
            ),
            init: None,
            declare: true,
        },
        Expr {
            span: 21..42,
            expr: Lambda(
                Lambda {
                    span: 21..42,
                    params: [
                        Ident(
                            BindingIdent {
                                span: 25..36,
                                id: Ident {
                                    span: 25..28,
                                    name: "foo",
                                },
                                type_ann: Some(
                                    TypeRef(
                                        TypeRef {
                                            span: 30..36,
                                            name: "Foo",
                                            type_params: Some(
                                                [
                                                    TypeRef(
                                                        TypeRef {
                                                            span: 34..35,
                                                            name: "T",
                                                            type_params: None,
                                                        },
                                                    ),
                                                ],
                                            ),
                                        },
                                    ),
                                ),
                            },
                        ),
                    ],
                    body: Ident(
                        Ident {
                            span: 41..42,
                            name: "T",
                        },
                    ),
                    is_async: false,
                    return_type: None,
                    type_params: Some(
                        [
                            TypeParam {
                                span: 22..23,
                                name: Ident {
                                    span: 22..23,
                                    name: "T",
                                },
                                constraint: None,
                                default: None,
                            },
                        ],
                    ),
                },
            ),
        },
    ],
}
