---
source: src/parser.rs
expression: "parse(\"<Foo></Foo>\")"
---
Program {
    body: [
        Expr {
            span: 0..11,
            expr: JSXElement(
                JSXElement {
                    span: 0..11,
                    name: "Foo",
                    attrs: [],
                    children: [],
                },
            ),
        },
    ],
}
