---
source: src/parser.rs
expression: "parse(\"let x = (a, b) => a + b\")"
---
Program {
    body: [
        Decl {
            span: 0..23,
            pattern: Ident(
                Ident {
                    span: 4..5,
                    name: "x",
                },
            ),
            value: Lambda(
                Lambda {
                    span: 8..23,
                    args: [
                        Ident(
                            Ident {
                                span: 9..10,
                                name: "a",
                            },
                        ),
                        Ident(
                            Ident {
                                span: 12..13,
                                name: "b",
                            },
                        ),
                    ],
                    body: Op(
                        Op {
                            span: 18..23,
                            op: Add,
                            left: Ident(
                                Ident {
                                    span: 18..19,
                                    name: "a",
                                },
                            ),
                            right: Ident(
                                Ident {
                                    span: 22..23,
                                    name: "b",
                                },
                            ),
                        },
                    ),
                    is_async: false,
                },
            ),
        },
    ],
}
